gem -v
gem sources --add http://gems.ruby-china.org/
gem sources --remove https://rubygems.org/
gem sources -l

gem install/uninstall GemName


_________test_____________


C:\Users\Administrator\Desktop>jekyll -v
jekyll 3.4.3

C:\Users\Administrator\Desktop>jekyll new test_kjkjkjk
Running bundle install in C:/Users/Administrator/Desktop/test_kjkjkjk...
  Bundler: Fetching source index from https://gems.ruby-china.org/
  Bundler:
  Bundler: Retrying fetcher due to error (2/4): Bundler::Fetcher::CertificateFailureError Could not verify the SSL certificate for https://gems.ruby-c
hina.org/.
  Bundler: There is a chance you are experiencing a man-in-the-middle attack, but most likely your system doesn't have the CA certificates needed for
verification. For information about OpenSSL certificates, see http://bit.ly/ruby-ssl. To connect without using SSL, edit your Gemfile sources and chan
ge 'https' to 'http'.
  Bundler: Retrying fetcher due to error (3/4): Bundler::Fetcher::CertificateFailureError Could not verify the SSL certificate for https://gems.ruby-c
hina.org/.
  Bundler: There is a chance you are experiencing a man-in-the-middle attack, but most likely your system doesn't have the CA certificates needed for
verification. For information about OpenSSL certificates, see http://bit.ly/ruby-ssl. To connect without using SSL, edit your Gemfile sources and chan
ge 'https' to 'http'.
  Bundler: Retrying fetcher due to error (4/4): Bundler::Fetcher::CertificateFailureError Could not verify the SSL certificate for https://gems.ruby-c
hina.org/.
  Bundler: There is a chance you are experiencing a man-in-the-middle attack, but most likely your system doesn't have the CA certificates needed for
verification. For information about OpenSSL certificates, see http://bit.ly/ruby-ssl. To connect without using SSL, edit your Gemfile sources and chan
ge 'https' to 'http'.
  Bundler: Could not verify the SSL certificate for https://gems.ruby-china.org/.
  Bundler: There is a chance you are experiencing a man-in-the-middle attack, but most
  Bundler: likely your system doesn't have the CA certificates needed for verification. For
  Bundler: information about OpenSSL certificates, see http://bit.ly/ruby-ssl. To connect
  Bundler: without using SSL, edit your Gemfile sources and change 'https' to 'http'.

C:\Users\Administrator\Desktop>bundle config mirror.http://rubygems.org https://gems.ruby-china.org

C:\Users\Administrator\Desktop>jekyll new test_kjkjkjk
Running bundle install in C:/Users/Administrator/Desktop/test_kjkjkjk...
  Bundler: Fetching source index from https://gems.ruby-china.org/
  Bundler:
  Bundler: Retrying fetcher due to error (2/4): Bundler::Fetcher::CertificateFailureError Could not verify the SSL certificate for https://gems.ruby-c
hina.org/.
  Bundler: There is a chance you are experiencing a man-in-the-middle attack, but most likely your system doesn't have the CA certificates needed for
verification. For information about OpenSSL certificates, see http://bit.ly/ruby-ssl. To connect without using SSL, edit your Gemfile sources and chan
ge 'https' to 'http'.
  Bundler: Retrying fetcher due to error (3/4): Bundler::Fetcher::CertificateFailureError Could not verify the SSL certificate for https://gems.ruby-c
hina.org/.
  Bundler: There is a chance you are experiencing a man-in-the-middle attack, but most likely your system doesn't have the CA certificates needed for
verification. For information about OpenSSL certificates, see http://bit.ly/ruby-ssl. To connect without using SSL, edit your Gemfile sources and chan
ge 'https' to 'http'.
  Bundler: Retrying fetcher due to error (4/4): Bundler::Fetcher::CertificateFailureError Could not verify the SSL certificate for https://gems.ruby-c
hina.org/.
  Bundler: There is a chance you are experiencing a man-in-the-middle attack, but most likely your system doesn't have the CA certificates needed for
verification. For information about OpenSSL certificates, see http://bit.ly/ruby-ssl. To connect without using SSL, edit your Gemfile sources and chan
ge 'https' to 'http'.
  Bundler: Could not verify the SSL certificate for https://gems.ruby-china.org/.
  Bundler: There is a chance you are experiencing a man-in-the-middle attack, but most
  Bundler: likely your system doesn't have the CA certificates needed for verification. For
  Bundler: information about OpenSSL certificates, see http://bit.ly/ruby-ssl. To connect
  Bundler: without using SSL, edit your Gemfile sources and change 'https' to 'http'.

C:\Users\Administrator\Desktop>gem sources --remove https://rubygems.org/
https://rubygems.org/ removed from sources

C:\Users\Administrator\Desktop>gem sources -a http://ruby.taobao.org/
Error fetching http://ruby.taobao.org/:
        bad response Not Found 404 (http://ruby.taobao.org/specs.4.8.gz)

C:\Users\Administrator\Desktop>gem sources
*** CURRENT SOURCES ***


C:\Users\Administrator\Desktop>gem sources -l
*** CURRENT SOURCES ***


C:\Users\Administrator\Desktop>bundle sources -l
Could not find command "sources".

C:\Users\Administrator\Desktop>bundle -v
Bundler version 1.14.6

C:\Users\Administrator\Desktop>bundle -l
Unknown switches '-l'

C:\Users\Administrator\Desktop>bundle source
Could not find command "source".

C:\Users\Administrator\Desktop>gem list

*** LOCAL GEMS ***

addressable (2.5.1, 2.5.0)
bigdecimal (1.2.8)
bundle (0.0.1)
bundler (1.14.6)
colorator (1.1.0)
did_you_mean (1.0.0)
ffi (1.9.18 x86-mingw32, 1.9.17 x86-mingw32)
forwardable-extended (2.6.0)
io-console (0.4.5)
jekyll (3.4.3)
jekyll-feed (0.9.2, 0.9.1, 0.9.0)
jekyll-sass-converter (1.5.0)
jekyll-sitemap (1.1.1)
jekyll-watch (1.5.0)
json (1.8.3)
kramdown (1.13.2)
liquid (4.0.0, 3.0.6)
listen (3.1.5, 3.0.8)
mercenary (0.3.6)
minima (2.1.1, 2.1.0)
minitest (5.10.1, 5.8.5)
multi_json (1.12.1)
net-telnet (0.1.1)
pathutil (0.14.0)
power_assert (1.0.1, 0.2.6)
psych (2.1.0)
public_suffix (2.0.5)
pygments.rb (1.1.2)
rake (12.0.0, 10.4.2)
rb-fsevent (0.9.8)
rb-inotify (0.9.8)
rdoc (5.1.0, 4.2.1)
rouge (2.0.7, 1.11.1)
ruby_dep (1.5.0)
safe_yaml (1.0.4)
sass (3.4.23)
test-unit (3.2.3, 3.1.5)
thread_safe (0.3.6, 0.3.5)
tzinfo (1.2.3, 1.2.2)
tzinfo-data (1.2017.2, 1.2017.1, 1.2016.10)

C:\Users\Administrator\Desktop>gem uninstall gem

C:\Users\Administrator\Desktop>gem -v
2.5.2

C:\Users\Administrator\Desktop>gem -v
2.5.2

C:\Users\Administrator\Desktop>gem -h
RubyGems is a sophisticated package manager for Ruby.  This is a
basic help message containing pointers to more information.

  Usage:
    gem -h/--help
    gem -v/--version
    gem command [arguments...] [options...]

  Examples:
    gem install rake
    gem list --local
    gem build package.gemspec
    gem help install

  Further help:
    gem help commands            list all 'gem' commands
    gem help examples            show some examples of usage
    gem help gem_dependencies    gem dependencies file guide
    gem help platforms           gem platforms guide
    gem help <COMMAND>           show help on COMMAND
                                   (e.g. 'gem help install')
    gem server                   present a web page at
                                 http://localhost:8808/
                                 with info about installed gems
  Further information:
    http://guides.rubygems.org

C:\Users\Administrator\Desktop>gem source
*** CURRENT SOURCES ***


C:\Users\Administrator\Desktop>gem sources --add https://gems.ruby-china.org/
Error fetching https://gems.ruby-china.org/:
        SSL_connect returned=1 errno=0 state=error: certificate verify failed (https://gems.ruby-china.org/specs.4.8.gz)

C:\Users\Administrator\Desktop>gem source
*** CURRENT SOURCES ***


C:\Users\Administrator\Desktop>gem sources --add http://gems.ruby-china.org/
http://gems.ruby-china.org/ added to sources

C:\Users\Administrator\Desktop>gem sources
*** CURRENT SOURCES ***

http://gems.ruby-china.org/

C:\Users\Administrator\Desktop>gem uninstall bundler

You have requested to uninstall the gem:
        bundler-1.14.6

addressable-2.5.1 depends on bundler (~> 1.0, development)
addressable-2.5.0 depends on bundler (~> 1.0, development)
bundle-0.0.1 depends on bundler (>= 0)
did_you_mean-1.0.0 depends on bundler (~> 1.5, development)
jekyll-feed-0.9.2 depends on bundler (~> 1.6, development)
jekyll-feed-0.9.1 depends on bundler (~> 1.6, development)
jekyll-feed-0.9.0 depends on bundler (~> 1.6, development)
jekyll-sass-converter-1.5.0 depends on bundler (~> 1.5, development)
jekyll-sitemap-1.1.1 depends on bundler (~> 1.6, development)
jekyll-watch-1.5.0 depends on bundler (~> 1.6, development)
listen-3.1.5 depends on bundler (~> 1.12, development)
listen-3.0.8 depends on bundler (>= 1.3.5, development)
mercenary-0.3.6 depends on bundler (~> 1.3, development)
minima-2.1.1 depends on bundler (~> 1.12, development)
minima-2.1.0 depends on bundler (~> 1.12, development)
multi_json-1.12.1 depends on bundler (~> 1.0, development)
net-telnet-0.1.1 depends on bundler (~> 1.9, development)
power_assert-1.0.1 depends on bundler (>= 0, development)
rake-12.0.0 depends on bundler (>= 0, development)
rb-fsevent-0.9.8 depends on bundler (~> 1.0, development)
ruby_dep-1.5.0 depends on bundler (~> 1.12, development)
test-unit-3.2.3 depends on bundler (>= 0, development)
test-unit-3.1.5 depends on bundler (>= 0, development)
If you remove this gem, these dependencies will not be met.
Continue with Uninstall? [yN]  yes
Remove executables:
        bundle, bundler

in addition to the gem? [Yn]  y
Removing bundle
Removing bundler
Successfully uninstalled bundler-1.14.6

C:\Users\Administrator\Desktop>gem uninstall jekyll

You have requested to uninstall the gem:
        jekyll-3.4.3

jekyll-feed-0.9.2 depends on jekyll (~> 3.3)
jekyll-feed-0.9.1 depends on jekyll (~> 3.3)
jekyll-feed-0.9.0 depends on jekyll (~> 3.3)
jekyll-sass-converter-1.5.0 depends on jekyll (>= 2.0, development)
jekyll-sitemap-1.1.1 depends on jekyll (~> 3.3)
jekyll-watch-1.5.0 depends on jekyll (>= 2.0, development)
minima-2.1.1 depends on jekyll (~> 3.3)
minima-2.1.0 depends on jekyll (~> 3.3)
If you remove this gem, these dependencies will not be met.
Continue with Uninstall? [yN]  yes
Remove executables:
        jekyll

in addition to the gem? [Yn]  yes
Removing jekyll
Successfully uninstalled jekyll-3.4.3

C:\Users\Administrator\Desktop>gem list

*** LOCAL GEMS ***

addressable (2.5.1, 2.5.0)
bigdecimal (1.2.8)
bundle (0.0.1)
colorator (1.1.0)
did_you_mean (1.0.0)
ffi (1.9.18 x86-mingw32, 1.9.17 x86-mingw32)
forwardable-extended (2.6.0)
io-console (0.4.5)
jekyll-feed (0.9.2, 0.9.1, 0.9.0)
jekyll-sass-converter (1.5.0)
jekyll-sitemap (1.1.1)
jekyll-watch (1.5.0)
json (1.8.3)
kramdown (1.13.2)
liquid (4.0.0, 3.0.6)
listen (3.1.5, 3.0.8)
mercenary (0.3.6)
minima (2.1.1, 2.1.0)
minitest (5.10.1, 5.8.5)
multi_json (1.12.1)
net-telnet (0.1.1)
pathutil (0.14.0)
power_assert (1.0.1, 0.2.6)
psych (2.1.0)
public_suffix (2.0.5)
pygments.rb (1.1.2)
rake (12.0.0, 10.4.2)
rb-fsevent (0.9.8)
rb-inotify (0.9.8)
rdoc (5.1.0, 4.2.1)
rouge (2.0.7, 1.11.1)
ruby_dep (1.5.0)
safe_yaml (1.0.4)
sass (3.4.23)
test-unit (3.2.3, 3.1.5)
thread_safe (0.3.6, 0.3.5)
tzinfo (1.2.3, 1.2.2)
tzinfo-data (1.2017.2, 1.2017.1, 1.2016.10)

C:\Users\Administrator\Desktop>gem -l
ERROR:  Invalid option: -l.  See 'gem --help'.

C:\Users\Administrator\Desktop>
C:\Users\Administrator\Desktop>gem uninstall bundle
Successfully uninstalled bundle-0.0.1

C:\Users\Administrator\Desktop>list
'list' is not recognized as an internal or external command,
operable program or batch file.

C:\Users\Administrator\Desktop>gem -l
ERROR:  Invalid option: -l.  See 'gem --help'.

C:\Users\Administrator\Desktop>gem list

*** LOCAL GEMS ***

addressable (2.5.1, 2.5.0)
bigdecimal (1.2.8)
colorator (1.1.0)
did_you_mean (1.0.0)
ffi (1.9.18 x86-mingw32, 1.9.17 x86-mingw32)
forwardable-extended (2.6.0)
io-console (0.4.5)
jekyll-feed (0.9.2, 0.9.1, 0.9.0)
jekyll-sass-converter (1.5.0)
jekyll-sitemap (1.1.1)
jekyll-watch (1.5.0)
json (1.8.3)
kramdown (1.13.2)
liquid (4.0.0, 3.0.6)
listen (3.1.5, 3.0.8)
mercenary (0.3.6)
minima (2.1.1, 2.1.0)
minitest (5.10.1, 5.8.5)
multi_json (1.12.1)
net-telnet (0.1.1)
pathutil (0.14.0)
power_assert (1.0.1, 0.2.6)
psych (2.1.0)
public_suffix (2.0.5)
pygments.rb (1.1.2)
rake (12.0.0, 10.4.2)
rb-fsevent (0.9.8)
rb-inotify (0.9.8)
rdoc (5.1.0, 4.2.1)
rouge (2.0.7, 1.11.1)
ruby_dep (1.5.0)
safe_yaml (1.0.4)
sass (3.4.23)
test-unit (3.2.3, 3.1.5)
thread_safe (0.3.6, 0.3.5)
tzinfo (1.2.3, 1.2.2)
tzinfo-data (1.2017.2, 1.2017.1, 1.2016.10)

C:\Users\Administrator\Desktop>jekyll -v
'jekyll' is not recognized as an internal or external command,
operable program or batch file.

C:\Users\Administrator\Desktop>gem -l
ERROR:  Invalid option: -l.  See 'gem --help'.

C:\Users\Administrator\Desktop>gem install jekyll
Fetching: jekyll-3.4.3.gem (100%)
Successfully installed jekyll-3.4.3
Parsing documentation for jekyll-3.4.3
Installing ri documentation for jekyll-3.4.3
Done installing documentation for jekyll after 2 seconds
1 gem installed

C:\Users\Administrator\Desktop>jekyll -v
jekyll 3.4.3

C:\Users\Administrator\Desktop>jekyll new testjjk
  Dependency Error: Yikes! It looks like you don't have bundler or one of its dependencies installed. In order to use Jekyll as currently configured,
you'll need to install this gem. The full error message from Ruby is: 'cannot load such file -- bundler' If you run into trouble, you can find helpful
 resources at https://jekyllrb.com/help/!
jekyll 3.4.3 | Error:  bundler

C:\Users\Administrator\Desktop>gem install bundler
Fetching: bundler-1.14.6.gem (100%)
Successfully installed bundler-1.14.6
Parsing documentation for bundler-1.14.6
Installing ri documentation for bundler-1.14.6
Done installing documentation for bundler after 6 seconds
1 gem installed

C:\Users\Administrator\Desktop>jekyll new testjjk
Running bundle install in C:/Users/Administrator/Desktop/testjjk...
  Bundler: Fetching source index from https://gems.ruby-china.org/
  Bundler:
  Bundler: Retrying fetcher due to error (2/4): Bundler::Fetcher::CertificateFailureError Could not verify the SSL certificate for https://gems.ruby-c
hina.org/.
  Bundler: There is a chance you are experiencing a man-in-the-middle attack, but most likely your system doesn't have the CA certificates needed for
verification. For information about OpenSSL certificates, see http://bit.ly/ruby-ssl. To connect without using SSL, edit your Gemfile sources and chan
ge 'https' to 'http'.
  Bundler: Retrying fetcher due to error (3/4): Bundler::Fetcher::CertificateFailureError Could not verify the SSL certificate for https://gems.ruby-c
hina.org/.
  Bundler: There is a chance you are experiencing a man-in-the-middle attack, but most likely your system doesn't have the CA certificates needed for
verification. For information about OpenSSL certificates, see http://bit.ly/ruby-ssl. To connect without using SSL, edit your Gemfile sources and chan
ge 'https' to 'http'.
  Bundler: Retrying fetcher due to error (4/4): Bundler::Fetcher::CertificateFailureError Could not verify the SSL certificate for https://gems.ruby-c
hina.org/.
  Bundler: There is a chance you are experiencing a man-in-the-middle attack, but most likely your system doesn't have the CA certificates needed for
verification. For information about OpenSSL certificates, see http://bit.ly/ruby-ssl. To connect without using SSL, edit your Gemfile sources and chan
ge 'https' to 'http'.
  Bundler: Could not verify the SSL certificate for https://gems.ruby-china.org/.
  Bundler: There is a chance you are experiencing a man-in-the-middle attack, but most
  Bundler: likely your system doesn't have the CA certificates needed for verification. For
  Bundler: information about OpenSSL certificates, see http://bit.ly/ruby-ssl. To connect
  Bundler: without using SSL, edit your Gemfile sources and change 'https' to 'http'.

C:\Users\Administrator\Desktop>bundle source 'http://ruby.taobao.org/'
Could not find command "source".

C:\Users\Administrator\Desktop>bundler source 'http://ruby.taobao.org/'
Could not find command "source".

C:\Users\Administrator\Desktop>source 'http://ruby.taobao.org/'
'source' is not recognized as an internal or external command,
operable program or batch file.

C:\Users\Administrator\Desktop>bundle config mirror.https://rubygems.org http://gems.ruby-china.org
You are replacing the current global value of mirror.https://rubygems.org, which is currently "https://gems.ruby-china.org"

C:\Users\Administrator\Desktop>jekyll new testjjk
Running bundle install in C:/Users/Administrator/Desktop/testjjk...
  Bundler: Fetching gem metadata from http://gems.ruby-china.org/...........
  Bundler: Fetching version metadata from http://gems.ruby-china.org/..
  Bundler: Resolving dependencies...
  Bundler: Using public_suffix 2.0.5
  Bundler: Using colorator 1.1.0
  Bundler: Using ffi 1.9.18 (x86-mingw32)
  Bundler: Using forwardable-extended 2.6.0
  Bundler: Using sass 3.4.23
  Bundler: Using rb-fsevent 0.9.8
  Bundler: Using kramdown 1.13.2
  Bundler: Using liquid 3.0.6
  Bundler: Using mercenary 0.3.6
  Bundler: Using rouge 1.11.1
  Bundler: Using safe_yaml 1.0.4
  Bundler: Using thread_safe 0.3.6
  Bundler: Using bundler 1.14.6
  Bundler: Using addressable 2.5.1
  Bundler: Using rb-inotify 0.9.8
  Bundler: Using pathutil 0.14.0
  Bundler: Using jekyll-sass-converter 1.5.0
  Bundler: Using tzinfo 1.2.3
  Bundler: Using listen 3.0.8
  Bundler: Using tzinfo-data 1.2017.2
  Bundler: Using jekyll-watch 1.5.0
  Bundler: Using jekyll 3.4.3
  Bundler: Using jekyll-feed 0.9.2
  Bundler: Using minima 2.1.1
  Bundler: Bundle complete! 4 Gemfile dependencies, 24 gems now installed.
  Bundler: Use `bundle show [gemname]` to see where a bundled gem is installed.
New jekyll site installed in C:/Users/Administrator/Desktop/testjjk.

C:\Users\Administrator\Desktop>cd testjjk

C:\Users\Administrator\Desktop\testjjk>jekyll -v
C:/Program Files (x86)/Ruby23/lib/ruby/gems/2.3.0/gems/bundler-1.14.6/lib/bundler/runtime.rb:40:in `block in setup': You have already activated liquid
 4.0.0, but your Gemfile requires liquid 3.0.6. Prepending `bundle exec` to your command may solve this. (Gem::LoadError)
        from C:/Program Files (x86)/Ruby23/lib/ruby/gems/2.3.0/gems/bundler-1.14.6/lib/bundler/runtime.rb:25:in `map'
        from C:/Program Files (x86)/Ruby23/lib/ruby/gems/2.3.0/gems/bundler-1.14.6/lib/bundler/runtime.rb:25:in `setup'
        from C:/Program Files (x86)/Ruby23/lib/ruby/gems/2.3.0/gems/bundler-1.14.6/lib/bundler.rb:100:in `setup'
        from C:/Program Files (x86)/Ruby23/lib/ruby/gems/2.3.0/gems/jekyll-3.4.3/lib/jekyll/plugin_manager.rb:36:in `require_from_bundler'
        from C:/Program Files (x86)/Ruby23/lib/ruby/gems/2.3.0/gems/jekyll-3.4.3/exe/jekyll:9:in `<top (required)>'
        from C:/Program Files (x86)/Ruby23/bin/jekyll:22:in `load'
        from C:/Program Files (x86)/Ruby23/bin/jekyll:22:in `<main>'

C:\Users\Administrator\Desktop\testjjk>bundle exec
bundler: exec needs a command to run

C:\Users\Administrator\Desktop\testjjk>gem list

*** LOCAL GEMS ***

addressable (2.5.1, 2.5.0)
bigdecimal (1.2.8)
bundler (1.14.6)
colorator (1.1.0)
did_you_mean (1.0.0)
ffi (1.9.18 x86-mingw32, 1.9.17 x86-mingw32)
forwardable-extended (2.6.0)
io-console (0.4.5)
jekyll (3.4.3)
jekyll-feed (0.9.2, 0.9.1, 0.9.0)
jekyll-sass-converter (1.5.0)
jekyll-sitemap (1.1.1)
jekyll-watch (1.5.0)
json (1.8.3)
kramdown (1.13.2)
liquid (4.0.0, 3.0.6)
listen (3.1.5, 3.0.8)
mercenary (0.3.6)
minima (2.1.1, 2.1.0)
minitest (5.10.1, 5.8.5)
multi_json (1.12.1)
net-telnet (0.1.1)
pathutil (0.14.0)
power_assert (1.0.1, 0.2.6)
psych (2.1.0)
public_suffix (2.0.5)
pygments.rb (1.1.2)
rake (12.0.0, 10.4.2)
rb-fsevent (0.9.8)
rb-inotify (0.9.8)
rdoc (5.1.0, 4.2.1)
rouge (2.0.7, 1.11.1)
ruby_dep (1.5.0)
safe_yaml (1.0.4)
sass (3.4.23)
test-unit (3.2.3, 3.1.5)
thread_safe (0.3.6, 0.3.5)
tzinfo (1.2.3, 1.2.2)
tzinfo-data (1.2017.2, 1.2017.1, 1.2016.10)

C:\Users\Administrator\Desktop\testjjk>gem uninstall liquid

Select gem to uninstall:
 1. liquid-3.0.6
 2. liquid-4.0.0
 3. All versions
> 2
Successfully uninstalled liquid-4.0.0

C:\Users\Administrator\Desktop\testjjk>jekyll -v
jekyll 3.4.3

C:\Users\Administrator\Desktop\testjjk>jekyll serve
Configuration file: C:/Users/Administrator/Desktop/testjjk/_config.yml
Configuration file: C:/Users/Administrator/Desktop/testjjk/_config.yml
            Source: C:/Users/Administrator/Desktop/testjjk
       Destination: C:/Users/Administrator/Desktop/testjjk/_site
 Incremental build: disabled. Enable with --incremental
      Generating...
                    done in 0.493 seconds.
  Please add the following to your Gemfile to avoid polling for changes:
    gem 'wdm', '>= 0.1.0' if Gem.win_platform?
 Auto-regeneration: enabled for 'C:/Users/Administrator/Desktop/testjjk'
Configuration file: C:/Users/Administrator/Desktop/testjjk/_config.yml
    Server address: http://127.0.0.1:4000/
  Server running... press ctrl-c to stop.
Terminate batch job (Y/N)? y

C:\Users\Administrator\Desktop\testjjk>cd ..

C:\Users\Administrator\Desktop>cd myblog

C:\Users\Administrator\Desktop\myblog>jekyll serve
C:/Program Files (x86)/Ruby23/lib/ruby/gems/2.3.0/gems/bundler-1.14.6/lib/bundler/spec_set.rb:87:in `block in materialize': Could not find jekyll-3.4.
0 in any of the sources (Bundler::GemNotFound)
        from C:/Program Files (x86)/Ruby23/lib/ruby/gems/2.3.0/gems/bundler-1.14.6/lib/bundler/spec_set.rb:80:in `map!'
        from C:/Program Files (x86)/Ruby23/lib/ruby/gems/2.3.0/gems/bundler-1.14.6/lib/bundler/spec_set.rb:80:in `materialize'
        from C:/Program Files (x86)/Ruby23/lib/ruby/gems/2.3.0/gems/bundler-1.14.6/lib/bundler/definition.rb:176:in `specs'
        from C:/Program Files (x86)/Ruby23/lib/ruby/gems/2.3.0/gems/bundler-1.14.6/lib/bundler/definition.rb:235:in `specs_for'
        from C:/Program Files (x86)/Ruby23/lib/ruby/gems/2.3.0/gems/bundler-1.14.6/lib/bundler/definition.rb:224:in `requested_specs'
        from C:/Program Files (x86)/Ruby23/lib/ruby/gems/2.3.0/gems/bundler-1.14.6/lib/bundler/runtime.rb:118:in `block in definition_method'
        from C:/Program Files (x86)/Ruby23/lib/ruby/gems/2.3.0/gems/bundler-1.14.6/lib/bundler/runtime.rb:19:in `setup'
        from C:/Program Files (x86)/Ruby23/lib/ruby/gems/2.3.0/gems/bundler-1.14.6/lib/bundler.rb:100:in `setup'
        from C:/Program Files (x86)/Ruby23/lib/ruby/gems/2.3.0/gems/jekyll-3.4.3/lib/jekyll/plugin_manager.rb:36:in `require_from_bundler'
        from C:/Program Files (x86)/Ruby23/lib/ruby/gems/2.3.0/gems/jekyll-3.4.3/exe/jekyll:9:in `<top (required)>'
        from C:/Program Files (x86)/Ruby23/bin/jekyll:22:in `load'
        from C:/Program Files (x86)/Ruby23/bin/jekyll:22:in `<main>'

C:\Users\Administrator\Desktop\myblog>jekyll -v
C:/Program Files (x86)/Ruby23/lib/ruby/gems/2.3.0/gems/bundler-1.14.6/lib/bundler/spec_set.rb:87:in `block in materialize': Could not find jekyll-3.4.
0 in any of the sources (Bundler::GemNotFound)
        from C:/Program Files (x86)/Ruby23/lib/ruby/gems/2.3.0/gems/bundler-1.14.6/lib/bundler/spec_set.rb:80:in `map!'
        from C:/Program Files (x86)/Ruby23/lib/ruby/gems/2.3.0/gems/bundler-1.14.6/lib/bundler/spec_set.rb:80:in `materialize'
        from C:/Program Files (x86)/Ruby23/lib/ruby/gems/2.3.0/gems/bundler-1.14.6/lib/bundler/definition.rb:176:in `specs'
        from C:/Program Files (x86)/Ruby23/lib/ruby/gems/2.3.0/gems/bundler-1.14.6/lib/bundler/definition.rb:235:in `specs_for'
        from C:/Program Files (x86)/Ruby23/lib/ruby/gems/2.3.0/gems/bundler-1.14.6/lib/bundler/definition.rb:224:in `requested_specs'
        from C:/Program Files (x86)/Ruby23/lib/ruby/gems/2.3.0/gems/bundler-1.14.6/lib/bundler/runtime.rb:118:in `block in definition_method'
        from C:/Program Files (x86)/Ruby23/lib/ruby/gems/2.3.0/gems/bundler-1.14.6/lib/bundler/runtime.rb:19:in `setup'
        from C:/Program Files (x86)/Ruby23/lib/ruby/gems/2.3.0/gems/bundler-1.14.6/lib/bundler.rb:100:in `setup'
        from C:/Program Files (x86)/Ruby23/lib/ruby/gems/2.3.0/gems/jekyll-3.4.3/lib/jekyll/plugin_manager.rb:36:in `require_from_bundler'
        from C:/Program Files (x86)/Ruby23/lib/ruby/gems/2.3.0/gems/jekyll-3.4.3/exe/jekyll:9:in `<top (required)>'
        from C:/Program Files (x86)/Ruby23/bin/jekyll:22:in `load'
        from C:/Program Files (x86)/Ruby23/bin/jekyll:22:in `<main>'

C:\Users\Administrator\Desktop\myblog>gem list

*** LOCAL GEMS ***

addressable (2.5.1, 2.5.0)
bigdecimal (1.2.8)
bundler (1.14.6)
colorator (1.1.0)
did_you_mean (1.0.0)
ffi (1.9.18 x86-mingw32, 1.9.17 x86-mingw32)
forwardable-extended (2.6.0)
io-console (0.4.5)
jekyll (3.4.3)
jekyll-feed (0.9.2, 0.9.1, 0.9.0)
jekyll-sass-converter (1.5.0)
jekyll-sitemap (1.1.1)
jekyll-watch (1.5.0)
json (1.8.3)
kramdown (1.13.2)
liquid (3.0.6)
listen (3.1.5, 3.0.8)
mercenary (0.3.6)
minima (2.1.1, 2.1.0)
minitest (5.10.1, 5.8.5)
multi_json (1.12.1)
net-telnet (0.1.1)
pathutil (0.14.0)
power_assert (1.0.1, 0.2.6)
psych (2.1.0)
public_suffix (2.0.5)
pygments.rb (1.1.2)
rake (12.0.0, 10.4.2)
rb-fsevent (0.9.8)
rb-inotify (0.9.8)
rdoc (5.1.0, 4.2.1)
rouge (2.0.7, 1.11.1)
ruby_dep (1.5.0)
safe_yaml (1.0.4)
sass (3.4.23)
test-unit (3.2.3, 3.1.5)
thread_safe (0.3.6, 0.3.5)
tzinfo (1.2.3, 1.2.2)
tzinfo-data (1.2017.2, 1.2017.1, 1.2016.10)

C:\Users\Administrator\Desktop\myblog>gem install jekyll (3.4.0)
Successfully installed jekyll-3.4.3
Parsing documentation for jekyll-3.4.3
Done installing documentation for jekyll after 1 seconds
ERROR:  Could not find a valid gem '(3.4.0)' (>= 0) in any repository
1 gem installed

C:\Users\Administrator\Desktop\myblog>gem list

*** LOCAL GEMS ***

addressable (2.5.1, 2.5.0)
bigdecimal (1.2.8)
bundler (1.14.6)
colorator (1.1.0)
did_you_mean (1.0.0)
ffi (1.9.18 x86-mingw32, 1.9.17 x86-mingw32)
forwardable-extended (2.6.0)
io-console (0.4.5)
jekyll (3.4.3)
jekyll-feed (0.9.2, 0.9.1, 0.9.0)
jekyll-sass-converter (1.5.0)
jekyll-sitemap (1.1.1)
jekyll-watch (1.5.0)
json (1.8.3)
kramdown (1.13.2)
liquid (3.0.6)
listen (3.1.5, 3.0.8)
mercenary (0.3.6)
minima (2.1.1, 2.1.0)
minitest (5.10.1, 5.8.5)
multi_json (1.12.1)
net-telnet (0.1.1)
pathutil (0.14.0)
power_assert (1.0.1, 0.2.6)
psych (2.1.0)
public_suffix (2.0.5)
pygments.rb (1.1.2)
rake (12.0.0, 10.4.2)
rb-fsevent (0.9.8)
rb-inotify (0.9.8)
rdoc (5.1.0, 4.2.1)
rouge (2.0.7, 1.11.1)
ruby_dep (1.5.0)
safe_yaml (1.0.4)
sass (3.4.23)
test-unit (3.2.3, 3.1.5)
thread_safe (0.3.6, 0.3.5)
tzinfo (1.2.3, 1.2.2)
tzinfo-data (1.2017.2, 1.2017.1, 1.2016.10)

C:\Users\Administrator\Desktop\myblog>jekyll serve
C:/Program Files (x86)/Ruby23/lib/ruby/gems/2.3.0/gems/bundler-1.14.6/lib/bundler/spec_set.rb:87:in `block in materialize': Could not find jekyll-3.4.
0 in any of the sources (Bundler::GemNotFound)
        from C:/Program Files (x86)/Ruby23/lib/ruby/gems/2.3.0/gems/bundler-1.14.6/lib/bundler/spec_set.rb:80:in `map!'
        from C:/Program Files (x86)/Ruby23/lib/ruby/gems/2.3.0/gems/bundler-1.14.6/lib/bundler/spec_set.rb:80:in `materialize'
        from C:/Program Files (x86)/Ruby23/lib/ruby/gems/2.3.0/gems/bundler-1.14.6/lib/bundler/definition.rb:176:in `specs'
        from C:/Program Files (x86)/Ruby23/lib/ruby/gems/2.3.0/gems/bundler-1.14.6/lib/bundler/definition.rb:235:in `specs_for'
        from C:/Program Files (x86)/Ruby23/lib/ruby/gems/2.3.0/gems/bundler-1.14.6/lib/bundler/definition.rb:224:in `requested_specs'
        from C:/Program Files (x86)/Ruby23/lib/ruby/gems/2.3.0/gems/bundler-1.14.6/lib/bundler/runtime.rb:118:in `block in definition_method'
        from C:/Program Files (x86)/Ruby23/lib/ruby/gems/2.3.0/gems/bundler-1.14.6/lib/bundler/runtime.rb:19:in `setup'
        from C:/Program Files (x86)/Ruby23/lib/ruby/gems/2.3.0/gems/bundler-1.14.6/lib/bundler.rb:100:in `setup'
        from C:/Program Files (x86)/Ruby23/lib/ruby/gems/2.3.0/gems/jekyll-3.4.3/lib/jekyll/plugin_manager.rb:36:in `require_from_bundler'
        from C:/Program Files (x86)/Ruby23/lib/ruby/gems/2.3.0/gems/jekyll-3.4.3/exe/jekyll:9:in `<top (required)>'
        from C:/Program Files (x86)/Ruby23/bin/jekyll:22:in `load'
        from C:/Program Files (x86)/Ruby23/bin/jekyll:22:in `<main>'

C:\Users\Administrator\Desktop\myblog>jekyll serve
C:/Program Files (x86)/Ruby23/lib/ruby/gems/2.3.0/gems/bundler-1.14.6/lib/bundler/runtime.rb:40:in `block in setup': You have already activated addres
sable 2.5.1, but your Gemfile requires addressable 2.5.0. Prepending `bundle exec` to your command may solve this. (Gem::LoadError)
        from C:/Program Files (x86)/Ruby23/lib/ruby/gems/2.3.0/gems/bundler-1.14.6/lib/bundler/runtime.rb:25:in `map'
        from C:/Program Files (x86)/Ruby23/lib/ruby/gems/2.3.0/gems/bundler-1.14.6/lib/bundler/runtime.rb:25:in `setup'
        from C:/Program Files (x86)/Ruby23/lib/ruby/gems/2.3.0/gems/bundler-1.14.6/lib/bundler.rb:100:in `setup'
        from C:/Program Files (x86)/Ruby23/lib/ruby/gems/2.3.0/gems/jekyll-3.4.3/lib/jekyll/plugin_manager.rb:36:in `require_from_bundler'
        from C:/Program Files (x86)/Ruby23/lib/ruby/gems/2.3.0/gems/jekyll-3.4.3/exe/jekyll:9:in `<top (required)>'
        from C:/Program Files (x86)/Ruby23/bin/jekyll:22:in `load'
        from C:/Program Files (x86)/Ruby23/bin/jekyll:22:in `<main>'

C:\Users\Administrator\Desktop\myblog>jekyll serve
Configuration file: C:/Users/Administrator/Desktop/myblog/_config.yml
Configuration file: C:/Users/Administrator/Desktop/myblog/_config.yml
            Source: C:/Users/Administrator/Desktop/myblog
       Destination: C:/Users/Administrator/Desktop/myblog/_site
 Incremental build: disabled. Enable with --incremental
      Generating...
                    done in 1.22 seconds.
  Please add the following to your Gemfile to avoid polling for changes:
    gem 'wdm', '>= 0.1.0' if Gem.win_platform?
 Auto-regeneration: enabled for 'C:/Users/Administrator/Desktop/myblog'
Configuration file: C:/Users/Administrator/Desktop/myblog/_config.yml
    Server address: http://127.0.0.1:5001/
  Server running... press ctrl-c to stop.
Terminate batch job (Y/N)? y

C:\Users\Administrator\Desktop\myblog>
